// Vitest Snapshot v1, https://vitest.dev/guide/snapshot.html

exports[`robots > 禁止抓取 API、dashboard、admin（含语言前缀）并指向 sitemap 1`] = `
{
  "host": "https://example.com",
  "rules": {
    "allow": "/",
    "disallow": [
      "/api",
      "/dashboard",
      "/de/dashboard",
      "/admin",
      "/de/admin",
    ],
    "userAgent": "*",
  },
  "sitemap": "https://example.com/sitemap.xml",
}
`;

exports[`sitemap > 营销路由 × 语言，带 hreflang 1`] = `
[
  {
    "alternates": {
      "languages": {
        "de": "https://example.com/de",
        "en": "https://example.com",
        "x-default": "https://example.com",
      },
    },
    "url": "https://example.com",
  },
  {
    "alternates": {
      "languages": {
        "de": "https://example.com/de",
        "en": "https://example.com",
        "x-default": "https://example.com",
      },
    },
    "url": "https://example.com/de",
  },
  {
    "alternates": {
      "languages": {
        "de": "https://example.com/de/privacy",
        "en": "https://example.com/privacy",
        "x-default": "https://example.com/privacy",
      },
    },
    "url": "https://example.com/privacy",
  },
  {
    "alternates": {
      "languages": {
        "de": "https://example.com/de/privacy",
        "en": "https://example.com/privacy",
        "x-default": "https://example.com/privacy",
      },
    },
    "url": "https://example.com/de/privacy",
  },
  {
    "alternates": {
      "languages": {
        "de": "https://example.com/de/terms",
        "en": "https://example.com/terms",
        "x-default": "https://example.com/terms",
      },
    },
    "url": "https://example.com/terms",
  },
  {
    "alternates": {
      "languages": {
        "de": "https://example.com/de/terms",
        "en": "https://example.com/terms",
        "x-default": "https://example.com/terms",
      },
    },
    "url": "https://example.com/de/terms",
  },
  {
    "alternates": {
      "languages": {
        "de": "https://example.com/de/refund",
        "en": "https://example.com/refund",
        "x-default": "https://example.com/refund",
      },
    },
    "url": "https://example.com/refund",
  },
  {
    "alternates": {
      "languages": {
        "de": "https://example.com/de/refund",
        "en": "https://example.com/refund",
        "x-default": "https://example.com/refund",
      },
    },
    "url": "https://example.com/de/refund",
  },
]
`;
